[32m[Nest] 22440  - [39m29/05/2026, 11:38:47 p. m. [32m    LOG[39m [38;5;3m[NestFactory] [39m[32mStarting Nest application...[39m
[32m[Nest] 22440  - [39m29/05/2026, 11:38:47 p. m. [32m    LOG[39m [38;5;3m[InstanceLoader] [39m[32mAppModule dependencies initialized[39m[38;5;3m +8ms[39m
[32m[Nest] 22440  - [39m29/05/2026, 11:38:47 p. m. [32m    LOG[39m [38;5;3m[InstanceLoader] [39m[32mTypeOrmModule dependencies initialized[39m[38;5;3m +1ms[39m
[32m[Nest] 22440  - [39m29/05/2026, 11:38:47 p. m. [32m    LOG[39m [38;5;3m[InstanceLoader] [39m[32mConfigHostModule dependencies initialized[39m[38;5;3m +0ms[39m
[32m[Nest] 22440  - [39m29/05/2026, 11:38:47 p. m. [32m    LOG[39m [38;5;3m[InstanceLoader] [39m[32mServeStaticModule dependencies initialized[39m[38;5;3m +1ms[39m
[32m[Nest] 22440  - [39m29/05/2026, 11:38:47 p. m. [32m    LOG[39m [38;5;3m[InstanceLoader] [39m[32mConfigModule dependencies initialized[39m[38;5;3m +0ms[39m
[32m[Nest] 22440  - [39m29/05/2026, 11:38:47 p. m. [32m    LOG[39m [38;5;3m[InstanceLoader] [39m[32mConfigModule dependencies initialized[39m[38;5;3m +0ms[39m
[32m[Nest] 22440  - [39m29/05/2026, 11:38:47 p. m. [32m    LOG[39m [38;5;3m[InstanceLoader] [39m[32mMailModule dependencies initialized[39m[38;5;3m +26ms[39m
[32m[Nest] 22440  - [39m29/05/2026, 11:38:50 p. m. [32m    LOG[39m [38;5;3m[InstanceLoader] [39m[32mTypeOrmCoreModule dependencies initialized[39m[38;5;3m +2313ms[39m
[32m[Nest] 22440  - [39m29/05/2026, 11:38:50 p. m. [32m    LOG[39m [38;5;3m[InstanceLoader] [39m[32mTypeOrmModule dependencies initialized[39m[38;5;3m +0ms[39m
[32m[Nest] 22440  - [39m29/05/2026, 11:38:50 p. m. [32m    LOG[39m [38;5;3m[InstanceLoader] [39m[32mTypeOrmModule dependencies initialized[39m[38;5;3m +0ms[39m
[32m[Nest] 22440  - [39m29/05/2026, 11:38:50 p. m. [32m    LOG[39m [38;5;3m[InstanceLoader] [39m[32mTypeOrmModule dependencies initialized[39m[38;5;3m +0ms[39m
[32m[Nest] 22440  - [39m29/05/2026, 11:38:50 p. m. [32m    LOG[39m [38;5;3m[InstanceLoader] [39m[32mTypeOrmModule dependencies initialized[39m[38;5;3m +0ms[39m
[32m[Nest] 22440  - [39m29/05/2026, 11:38:50 p. m. [32m    LOG[39m [38;5;3m[InstanceLoader] [39m[32mTypeOrmModule dependencies initialized[39m[38;5;3m +0ms[39m
[32m[Nest] 22440  - [39m29/05/2026, 11:38:50 p. m. [32m    LOG[39m [38;5;3m[InstanceLoader] [39m[32mUsersModule dependencies initialized[39m[38;5;3m +0ms[39m
[32m[Nest] 22440  - [39m29/05/2026, 11:38:50 p. m. [32m    LOG[39m [38;5;3m[InstanceLoader] [39m[32mOticCodesModule dependencies initialized[39m[38;5;3m +0ms[39m
[32m[Nest] 22440  - [39m29/05/2026, 11:38:50 p. m. [32m    LOG[39m [38;5;3m[InstanceLoader] [39m[32mEjesTematicosModule dependencies initialized[39m[38;5;3m +1ms[39m
[32m[Nest] 22440  - [39m29/05/2026, 11:38:50 p. m. [32m    LOG[39m [38;5;3m[InstanceLoader] [39m[32mPonenciasModule dependencies initialized[39m[38;5;3m +0ms[39m
[32m[Nest] 22440  - [39m29/05/2026, 11:38:50 p. m. [32m    LOG[39m [38;5;3m[InstanceLoader] [39m[32mCertificadosModule dependencies initialized[39m[38;5;3m +0ms[39m
[32m[Nest] 22440  - [39m29/05/2026, 11:38:50 p. m. [32m    LOG[39m [38;5;3m[InstanceLoader] [39m[32mAuthModule dependencies initialized[39m[38;5;3m +0ms[39m
[32m[Nest] 22440  - [39m29/05/2026, 11:38:50 p. m. [32m    LOG[39m [38;5;3m[RoutesResolver] [39m[32mAuthController {/auth}:[39m[38;5;3m +15ms[39m
[32m[Nest] 22440  - [39m29/05/2026, 11:38:50 p. m. [32m    LOG[39m [38;5;3m[RouterExplorer] [39m[32mMapped {/auth/register, POST} route[39m[38;5;3m +2ms[39m
[32m[Nest] 22440  - [39m29/05/2026, 11:38:50 p. m. [32m    LOG[39m [38;5;3m[RouterExplorer] [39m[32mMapped {/auth/validate-otic, POST} route[39m[38;5;3m +0ms[39m
[32m[Nest] 22440  - [39m29/05/2026, 11:38:50 p. m. [32m    LOG[39m [38;5;3m[RouterExplorer] [39m[32mMapped {/auth/login, POST} route[39m[38;5;3m +0ms[39m
[32m[Nest] 22440  - [39m29/05/2026, 11:38:50 p. m. [32m    LOG[39m [38;5;3m[RoutesResolver] [39m[32mEjesTematicosController {/ejes-tematicos}:[39m[38;5;3m +0ms[39m
[32m[Nest] 22440  - [39m29/05/2026, 11:38:50 p. m. [32m    LOG[39m [38;5;3m[RouterExplorer] [39m[32mMapped {/ejes-tematicos, GET} route[39m[38;5;3m +1ms[39m
[32m[Nest] 22440  - [39m29/05/2026, 11:38:50 p. m. [32m    LOG[39m [38;5;3m[RoutesResolver] [39m[32mPonenciasController {/ponencias}:[39m[38;5;3m +0ms[39m
[32m[Nest] 22440  - [39m29/05/2026, 11:38:50 p. m. [32m    LOG[39m [38;5;3m[RouterExplorer] [39m[32mMapped {/ponencias, POST} route[39m[38;5;3m +0ms[39m
[32m[Nest] 22440  - [39m29/05/2026, 11:38:50 p. m. [32m    LOG[39m [38;5;3m[RouterExplorer] [39m[32mMapped {/ponencias, GET} route[39m[38;5;3m +0ms[39m
[32m[Nest] 22440  - [39m29/05/2026, 11:38:50 p. m. [32m    LOG[39m [38;5;3m[RoutesResolver] [39m[32mCertificadosController {/certificados}:[39m[38;5;3m +0ms[39m
[32m[Nest] 22440  - [39m29/05/2026, 11:38:50 p. m. [32m    LOG[39m [38;5;3m[RouterExplorer] [39m[32mMapped {/certificados, POST} route[39m[38;5;3m +0ms[39m
[32m[Nest] 22440  - [39m29/05/2026, 11:38:50 p. m. [32m    LOG[39m [38;5;3m[NestApplication] [39m[32mNest application successfully started[39m[38;5;3m +3ms[39m
API corriendo en http://localhost:3000
